{
	"src": "resources/animation/battle_tips.ans.png",
	"frameTime": 33,
	"defaultAnimation": "skillfire",
	"frames": [
		{
			"x": 242,
			"y": 867,
			"w": 242,
			"h": 85,
			"ox": 0,
			"oy": 0
		},
		{
			"x": 0,
			"y": 867,
			"w": 242,
			"h": 85,
			"ox": 0,
			"oy": 0
		},
		{
			"x": 640,
			"y": 782,
			"w": 242,
			"h": 85,
			"ox": 0,
			"oy": 0
		},
		{
			"x": 0,
			"y": 867,
			"w": 242,
			"h": 85,
			"ox": 0,
			"oy": 0
		},
		{
			"x": 242,
			"y": 867,
			"w": 242,
			"h": 85,
			"ox": 0,
			"oy": 0
		},
		{
			"x": 640,
			"y": 642,
			"w": 318,
			"h": 140,
			"ox": 92,
			"oy": 273
		},
		{
			"x": 320,
			"y": 634,
			"w": 320,
			"h": 152,
			"ox": 100,
			"oy": 258
		},
		{
			"x": 652,
			"y": 484,
			"w": 320,
			"h": 158,
			"ox": 103,
			"oy": 261
		},
		{
			"x": 0,
			"y": 640,
			"w": 318,
			"h": 156,
			"ox": 105,
			"oy": 263
		},
		{
			"x": 666,
			"y": 176,
			"w": 330,
			"h": 154,
			"ox": 89,
			"oy": 259
		},
		{
			"x": 0,
			"y": 150,
			"w": 334,
			"h": 160,
			"ox": 84,
			"oy": 251
		},
		{
			"x": 0,
			"y": 0,
			"w": 338,
			"h": 150,
			"ox": 81,
			"oy": 259
		},
		{
			"x": 330,
			"y": 468,
			"w": 322,
			"h": 166,
			"ox": 97,
			"oy": 251
		},
		{
			"x": 334,
			"y": 156,
			"w": 332,
			"h": 156,
			"ox": 84,
			"oy": 256
		},
		{
			"x": 0,
			"y": 310,
			"w": 330,
			"h": 166,
			"ox": 87,
			"oy": 252
		},
		{
			"x": 330,
			"y": 312,
			"w": 328,
			"h": 156,
			"ox": 89,
			"oy": 264
		},
		{
			"x": 338,
			"y": 0,
			"w": 336,
			"h": 156,
			"ox": 84,
			"oy": 260
		},
		{
			"x": 674,
			"y": 0,
			"w": 332,
			"h": 176,
			"ox": 89,
			"oy": 246
		},
		{
			"x": 0,
			"y": 476,
			"w": 320,
			"h": 164,
			"ox": 96,
			"oy": 253
		},
		{
			"x": 658,
			"y": 330,
			"w": 324,
			"h": 154,
			"ox": 94,
			"oy": 259
		}
	],
	"animations": {
		"attack": [
			0,
			1,
			2,
			3,
			4
		],
		"skillfire": [
			5,
			6,
			7,
			8,
			9,
			10,
			11,
			12,
			13,
			14,
			15,
			16,
			17,
			18,
			19
		]
	}
}