{"src":"resources/animation/player_click.ans.png","frameTime":33,"defaultAnimation":"play","frames":[{"x":0,"y":0,"w":22,"h":108,"ox":39,"oy":0},{"x":0,"y":108,"w":92,"h":106,"ox":5,"oy":17},{"x":22,"y":0,"w":86,"h":84,"ox":8,"oy":36},{"x":194,"y":0,"w":60,"h":62,"ox":19,"oy":54},{"x":108,"y":32,"w":74,"h":48,"ox":12,"oy":71},{"x":108,"y":0,"w":86,"h":32,"ox":7,"oy":90},{"x":0,"y":214,"w":100,"h":36,"ox":0,"oy":89}],"animations":{"play":[0,1,2,3,4,5,6]}}