{"src":"resources/animation/ShiMei_stand.ans.png","frameTime":33,"defaultAnimation":"Stand","frames":[{"x":164,"y":228,"w":52,"h":114,"ox":2,"oy":0},{"x":110,"y":228,"w":54,"h":114,"ox":1,"oy":0},{"x":0,"y":342,"w":56,"h":114,"ox":0,"oy":0},{"x":0,"y":228,"w":56,"h":114,"ox":1,"oy":0},{"x":168,"y":114,"w":56,"h":114,"ox":1,"oy":0},{"x":112,"y":114,"w":56,"h":114,"ox":1,"oy":0},{"x":56,"y":114,"w":56,"h":114,"ox":1,"oy":0},{"x":0,"y":114,"w":56,"h":114,"ox":1,"oy":0},{"x":168,"y":0,"w":56,"h":114,"ox":1,"oy":0},{"x":112,"y":0,"w":56,"h":114,"ox":1,"oy":0},{"x":56,"y":0,"w":56,"h":114,"ox":1,"oy":0},{"x":0,"y":0,"w":56,"h":114,"ox":1,"oy":0},{"x":56,"y":342,"w":54,"h":114,"ox":2,"oy":0},{"x":56,"y":228,"w":54,"h":114,"ox":1,"oy":0}],"animations":{"Stand":[0,1,2,3,4,5,6,7,8,9,10,11,12,13]}}