{"src":"resources/animation/ShuiPaoPao_stand.ans.png","frameTime":33,"defaultAnimation":"stand","frames":[{"x":0,"y":0,"w":36,"h":58,"ox":0,"oy":0},{"x":0,"y":58,"w":36,"h":52,"ox":0,"oy":8},{"x":72,"y":0,"w":34,"h":44,"ox":1,"oy":20},{"x":36,"y":42,"w":34,"h":38,"ox":1,"oy":26},{"x":36,"y":0,"w":36,"h":42,"ox":0,"oy":20},{"x":0,"y":0,"w":36,"h":58,"ox":0,"oy":0}],"animations":{"stand":[0,1,2,3,4,5]}}